[     335ms] [INFO] %cDownload the React DevTools for a better development experience: https://reactjs.org/link/react-devtools font-weight:bold @ http://localhost:5174/node_modules/.vite/deps/chunk-XPR23Y44.js?v=8dcef4a0:21548
[     342ms] [WARNING] ⚠️ React Router Future Flag Warning: React Router will begin wrapping state updates in `React.startTransition` in v7. You can use the `v7_startTransition` future flag to opt-in early. For more information, see https://reactrouter.com/v6/upgrading/future#v7_starttransition. @ http://localhost:5174/node_modules/.vite/deps/react-router-dom.js?v=8dcef4a0:4433
[     342ms] [WARNING] ⚠️ React Router Future Flag Warning: Relative route resolution within Splat routes is changing in v7. You can use the `v7_relativeSplatPath` future flag to opt-in early. For more information, see https://reactrouter.com/v6/upgrading/future#v7_relativesplatpath. @ http://localhost:5174/node_modules/.vite/deps/react-router-dom.js?v=8dcef4a0:4433
[     356ms] [ERROR] Warning: Each child in a list should have a unique "key" prop.%s%s See https://reactjs.org/link/warning-keys for more information.%s 

Check the render method of `WordsPage`.  
    at WordsPage (http://localhost:5174/src/pages/Words/Words.tsx?t=1780331113382:32:29)
    at RenderedRoute (http://localhost:5174/node_modules/.vite/deps/react-router-dom.js?v=8dcef4a0:4129:5)
    at Outlet (http://localhost:5174/node_modules/.vite/deps/react-router-dom.js?v=8dcef4a0:4535:26)
    at main
    at div
    at div
    at Layout (http://localhost:5174/src/components/Layout/Layout.tsx:32:20)
    at AuthGuard (http://localhost:5174/src/App.tsx?t=1780331113382:28:22)
    at RenderedRoute (http://localhost:5174/node_modules/.vite/deps/react-router-dom.js?v=8dcef4a0:4129:5)
    at Routes (http://localhost:5174/node_modules/.vite/deps/react-router-dom.js?v=8dcef4a0:4599:5)
    at App
    at Router (http://localhost:5174/node_modules/.vite/deps/react-router-dom.js?v=8dcef4a0:4542:15)
    at BrowserRouter (http://localhost:5174/node_modules/.vite/deps/react-router-dom.js?v=8dcef4a0:5288:5) @ http://localhost:5174/node_modules/.vite/deps/react_jsx-dev-runtime.js?v=8dcef4a0:61
[  142705ms] [ERROR] Failed to load resource: the server responded with a status of 500 (Internal Server Error) @ http://localhost:5174/src/pages/Words/Words.tsx?t=1780331600063:0
[  142708ms] [ERROR] [hmr] Failed to reload /src/pages/Words/Words.tsx. This could be due to syntax errors or importing non-existent modules. (see errors above) @ http://localhost:5174/@vite/client:175
[  400056ms] [LOG] [vite] server connection lost. Polling for restart... @ http://localhost:5174/@vite/client:559
[  421097ms] [ERROR] Failed to load resource: net::ERR_CONNECTION_TIMED_OUT @ http://localhost:5174/:0
[  422484ms] [INFO] %cDownload the React DevTools for a better development experience: https://reactjs.org/link/react-devtools font-weight:bold @ http://localhost:5174/node_modules/.vite/deps/chunk-XPR23Y44.js?v=8dcef4a0:21548
[  422503ms] [WARNING] ⚠️ React Router Future Flag Warning: React Router will begin wrapping state updates in `React.startTransition` in v7. You can use the `v7_startTransition` future flag to opt-in early. For more information, see https://reactrouter.com/v6/upgrading/future#v7_starttransition. @ http://localhost:5174/node_modules/.vite/deps/react-router-dom.js?v=8dcef4a0:4433
[  422503ms] [WARNING] ⚠️ React Router Future Flag Warning: Relative route resolution within Splat routes is changing in v7. You can use the `v7_relativeSplatPath` future flag to opt-in early. For more information, see https://reactrouter.com/v6/upgrading/future#v7_relativesplatpath. @ http://localhost:5174/node_modules/.vite/deps/react-router-dom.js?v=8dcef4a0:4433
[  584026ms] [LOG] [vite] server connection lost. Polling for restart... @ http://localhost:5174/@vite/client:559
[  605066ms] [ERROR] Failed to load resource: net::ERR_CONNECTION_TIMED_OUT @ http://localhost:5174/:0
[  606434ms] [INFO] %cDownload the React DevTools for a better development experience: https://reactjs.org/link/react-devtools font-weight:bold @ http://localhost:5174/node_modules/.vite/deps/chunk-XPR23Y44.js?v=8dcef4a0:21548
[  606454ms] [WARNING] ⚠️ React Router Future Flag Warning: React Router will begin wrapping state updates in `React.startTransition` in v7. You can use the `v7_startTransition` future flag to opt-in early. For more information, see https://reactrouter.com/v6/upgrading/future#v7_starttransition. @ http://localhost:5174/node_modules/.vite/deps/react-router-dom.js?v=8dcef4a0:4433
[  606454ms] [WARNING] ⚠️ React Router Future Flag Warning: Relative route resolution within Splat routes is changing in v7. You can use the `v7_relativeSplatPath` future flag to opt-in early. For more information, see https://reactrouter.com/v6/upgrading/future#v7_relativesplatpath. @ http://localhost:5174/node_modules/.vite/deps/react-router-dom.js?v=8dcef4a0:4433
[  606458ms] [ERROR] Failed to load resource: the server responded with a status of 500 (Internal Server Error) @ http://localhost:5174/api/admin/words?page=1&size=20:0
[  606467ms] [ERROR] Failed to load resource: the server responded with a status of 500 (Internal Server Error) @ http://localhost:5174/api/admin/words?page=1&size=20:0
[  674452ms] [LOG] [vite] server connection lost. Polling for restart... @ http://localhost:5174/@vite/client:559
[  695493ms] [ERROR] Failed to load resource: net::ERR_CONNECTION_TIMED_OUT @ http://localhost:5174/:0
[  696862ms] [INFO] %cDownload the React DevTools for a better development experience: https://reactjs.org/link/react-devtools font-weight:bold @ http://localhost:5174/node_modules/.vite/deps/chunk-XPR23Y44.js?v=8dcef4a0:21548
[  696870ms] [WARNING] ⚠️ React Router Future Flag Warning: React Router will begin wrapping state updates in `React.startTransition` in v7. You can use the `v7_startTransition` future flag to opt-in early. For more information, see https://reactrouter.com/v6/upgrading/future#v7_starttransition. @ http://localhost:5174/node_modules/.vite/deps/react-router-dom.js?v=8dcef4a0:4433
[  696870ms] [WARNING] ⚠️ React Router Future Flag Warning: Relative route resolution within Splat routes is changing in v7. You can use the `v7_relativeSplatPath` future flag to opt-in early. For more information, see https://reactrouter.com/v6/upgrading/future#v7_relativesplatpath. @ http://localhost:5174/node_modules/.vite/deps/react-router-dom.js?v=8dcef4a0:4433
[  696874ms] [ERROR] Failed to load resource: the server responded with a status of 500 (Internal Server Error) @ http://localhost:5174/api/admin/words?page=1&size=20:0
[  696884ms] [ERROR] Failed to load resource: the server responded with a status of 500 (Internal Server Error) @ http://localhost:5174/api/admin/words?page=1&size=20:0
[  763244ms] [LOG] [vite] server connection lost. Polling for restart... @ http://localhost:5174/@vite/client:559
[  784303ms] [ERROR] Failed to load resource: net::ERR_CONNECTION_TIMED_OUT @ http://localhost:5174/:0
[  785666ms] [INFO] %cDownload the React DevTools for a better development experience: https://reactjs.org/link/react-devtools font-weight:bold @ http://localhost:5174/node_modules/.vite/deps/chunk-XPR23Y44.js?v=8dcef4a0:21548
[  785673ms] [WARNING] ⚠️ React Router Future Flag Warning: React Router will begin wrapping state updates in `React.startTransition` in v7. You can use the `v7_startTransition` future flag to opt-in early. For more information, see https://reactrouter.com/v6/upgrading/future#v7_starttransition. @ http://localhost:5174/node_modules/.vite/deps/react-router-dom.js?v=8dcef4a0:4433
[  785673ms] [WARNING] ⚠️ React Router Future Flag Warning: Relative route resolution within Splat routes is changing in v7. You can use the `v7_relativeSplatPath` future flag to opt-in early. For more information, see https://reactrouter.com/v6/upgrading/future#v7_relativesplatpath. @ http://localhost:5174/node_modules/.vite/deps/react-router-dom.js?v=8dcef4a0:4433
[  926769ms] [LOG] [vite] server connection lost. Polling for restart... @ http://localhost:5174/@vite/client:559
[  947805ms] [ERROR] Failed to load resource: net::ERR_CONNECTION_TIMED_OUT @ http://localhost:5174/:0
[  949167ms] [INFO] %cDownload the React DevTools for a better development experience: https://reactjs.org/link/react-devtools font-weight:bold @ http://localhost:5174/node_modules/.vite/deps/chunk-XPR23Y44.js?v=8dcef4a0:21548
[  949175ms] [WARNING] ⚠️ React Router Future Flag Warning: React Router will begin wrapping state updates in `React.startTransition` in v7. You can use the `v7_startTransition` future flag to opt-in early. For more information, see https://reactrouter.com/v6/upgrading/future#v7_starttransition. @ http://localhost:5174/node_modules/.vite/deps/react-router-dom.js?v=8dcef4a0:4433
[  949175ms] [WARNING] ⚠️ React Router Future Flag Warning: Relative route resolution within Splat routes is changing in v7. You can use the `v7_relativeSplatPath` future flag to opt-in early. For more information, see https://reactrouter.com/v6/upgrading/future#v7_relativesplatpath. @ http://localhost:5174/node_modules/.vite/deps/react-router-dom.js?v=8dcef4a0:4433
