2026/06/11 23:38:28 INFO running migrations
2026/06/11 23:38:28 INFO migration applied file=001_init.sql
2026/06/11 23:38:28 INFO migration statement skipped (already applied) file=001b_add_reading_type.sql
2026/06/11 23:38:28 INFO migration applied with duplicate columns skipped file=001b_add_reading_type.sql
2026/06/11 23:38:28 INFO migration applied file=002_seed.sql
2026/06/11 23:38:28 INFO migration applied file=003_fix_writing_questions.sql
2026/06/11 23:38:28 INFO migration applied file=004_words_unique_kanji_reading.sql
2026/06/11 23:38:28 INFO migration applied file=005_password_reset_tokens.sql
2026/06/11 23:38:28 INFO migration applied file=006_notes.sql
2026/06/11 23:38:28 INFO migration statement skipped (already applied) file=007_speaking_lines.sql
2026/06/11 23:38:28 INFO migration applied with duplicate columns skipped file=007_speaking_lines.sql
2026/06/11 23:38:28 INFO migration statement skipped (already applied) file=008_grammar_records_updated_at.sql
2026/06/11 23:38:28 INFO migration applied with duplicate columns skipped file=008_grammar_records_updated_at.sql
2026/06/11 23:38:28 INFO migration applied file=009_translation.sql
2026/06/11 23:38:28 INFO migration statement skipped (already applied) file=009_user_jlpt_levels.sql
2026/06/11 23:38:28 INFO migration statement skipped (already applied) file=009_user_jlpt_levels.sql
2026/06/11 23:38:28 INFO migration applied with duplicate columns skipped file=009_user_jlpt_levels.sql
2026/06/11 23:38:28 INFO migration statement skipped (already applied) file=010_daily_goals.sql
2026/06/11 23:38:28 INFO migration applied with duplicate columns skipped file=010_daily_goals.sql
2026/06/11 23:38:28 INFO migration statement skipped (already applied) file=011_add_words_audio_url.sql
2026/06/11 23:38:28 INFO migration applied with duplicate columns skipped file=011_add_words_audio_url.sql
2026/06/11 23:38:28 INFO migration statement skipped (already applied) file=012_add_updated_at_content.sql
2026/06/11 23:38:28 INFO migration statement skipped (already applied) file=012_add_updated_at_content.sql
2026/06/11 23:38:28 INFO migration statement skipped (already applied) file=012_add_updated_at_content.sql
2026/06/11 23:38:28 INFO migration statement skipped (already applied) file=012_add_updated_at_content.sql
2026/06/11 23:38:28 INFO migration statement skipped (already applied) file=012_add_updated_at_content.sql
2026/06/11 23:38:28 INFO migration applied with duplicate columns skipped file=012_add_updated_at_content.sql
2026/06/11 23:38:28 INFO all migrations completed count=14
2026/06/11 23:38:28 INFO admin server starting addr=:8082
2026/06/11 23:39:31 INFO regenerateAudio done text=うる module=word filename=f40590e7fc909f8a.wav
2026/06/11 23:51:23 INFO regenerateAudio done text=うる module=word filename=f40590e7fc909f8a.wav
2026/06/11 23:51:39 INFO regenerateAudio done text=うる module=word filename=f40590e7fc909f8a.wav
2026/06/11 23:51:54 INFO regenerateAudio done text=ごはん module=word filename=569cd1b8b49979a9.wav
exit status 0xffffffff
