01:49:11 [vite] http proxy error: /api/v1/auth/login
AggregateError [ECONNREFUSED]: 
    at internalConnectMultiple (node:net:1142:49)
    at afterConnectMultiple (node:net:1723:7)
01:49:15 [vite] http proxy error: /api/v1/auth/login
AggregateError [ECONNREFUSED]: 
    at internalConnectMultiple (node:net:1142:49)
    at afterConnectMultiple (node:net:1723:7)
01:49:20 [vite] http proxy error: /api/v1/auth/login
AggregateError [ECONNREFUSED]: 
    at internalConnectMultiple (node:net:1142:49)
    at afterConnectMultiple (node:net:1723:7)
02:02:08 [vite] http proxy error: /api/v1/words/queue?level=N5
Error: read ECONNRESET
    at TCP.onStreamRead (node:internal/stream_base_commons:216:20)
02:02:08 [vite] http proxy error: /api/v1/words/queue?level=N5
AggregateError [ECONNREFUSED]: 
    at internalConnectMultiple (node:net:1142:49)
    at afterConnectMultiple (node:net:1723:7)
02:02:08 [vite] http proxy error: /api/v1/words/queue?level=N5
AggregateError [ECONNREFUSED]: 
    at internalConnectMultiple (node:net:1142:49)
    at afterConnectMultiple (node:net:1723:7)
02:02:08 [vite] http proxy error: /api/v1/users/stats
AggregateError [ECONNREFUSED]: 
    at internalConnectMultiple (node:net:1142:49)
    at afterConnectMultiple (node:net:1723:7)
02:02:08 [vite] http proxy error: /api/v1/users/stats
AggregateError [ECONNREFUSED]: 
    at internalConnectMultiple (node:net:1142:49)
    at afterConnectMultiple (node:net:1723:7)
